00:03.187  reports          | WARNING Path 'C:\Program Files\Blender Foundation\Blender 5.2\5.2\datafiles\assets\brushes\essentials_brushes-gp_draw.blend' cannot be made relative for Material 'Dots Stroke'
Blender 5.2.2 LTS (hash d13f752e3b9c built 2026-09-15 01:37:04)
00:03.187  reports          | WARNING Path 'C:\Program Files\Blender Foundation\Blender 5.2\5.2\datafiles\assets\brushes\essentials_brushes-gp_draw.blend' cannot be made relative for Material 'Material'

FBX export starting... 'E:\\unity\\NOPE\\ArtDeliverables\\TimeDesk\\HybridScene\\BlenderOffice\\Exports\\Office_Till.fbx'
export finished in 0.0129 sec.

FBX export starting... 'E:\\unity\\NOPE\\ArtDeliverables\\TimeDesk\\HybridScene\\BlenderOffice\\Exports\\Office_Next.fbx'
export finished in 0.0073 sec.

FBX export starting... 'E:\\unity\\NOPE\\ArtDeliverables\\TimeDesk\\HybridScene\\BlenderOffice\\Exports\\Office_Clock.fbx'
export finished in 0.0072 sec.

FBX export starting... 'E:\\unity\\NOPE\\ArtDeliverables\\TimeDesk\\HybridScene\\BlenderOffice\\Exports\\Office_Stability.fbx'
export finished in 0.0124 sec.

FBX export starting... 'E:\\unity\\NOPE\\ArtDeliverables\\TimeDesk\\HybridScene\\BlenderOffice\\Exports\\Office_Calendar.fbx'
export finished in 0.0066 sec.

FBX export starting... 'E:\\unity\\NOPE\\ArtDeliverables\\TimeDesk\\HybridScene\\BlenderOffice\\Exports\\Office_Intercom.fbx'
export finished in 0.0089 sec.

FBX export starting... 'E:\\unity\\NOPE\\ArtDeliverables\\TimeDesk\\HybridScene\\BlenderOffice\\Exports\\Office_Tray.fbx'
export finished in 0.0076 sec.

FBX export starting... 'E:\\unity\\NOPE\\ArtDeliverables\\TimeDesk\\HybridScene\\BlenderOffice\\Exports\\Office_Stamp.fbx'
export finished in 0.0062 sec.

FBX export starting... 'E:\\unity\\NOPE\\ArtDeliverables\\TimeDesk\\HybridScene\\BlenderOffice\\Exports\\Office_Partition.fbx'
export finished in 0.0107 sec.

FBX export starting... 'E:\\unity\\NOPE\\ArtDeliverables\\TimeDesk\\HybridScene\\BlenderOffice\\Exports\\Office_InstrumentBoard.fbx'
export finished in 0.0091 sec.

FBX export starting... 'E:\\unity\\NOPE\\ArtDeliverables\\TimeDesk\\HybridScene\\BlenderOffice\\Exports\\Office_Blotter.fbx'
export finished in 0.0090 sec.

FBX export starting... 'E:\\unity\\NOPE\\ArtDeliverables\\TimeDesk\\HybridScene\\BlenderOffice\\Exports\\Office_Newspaper.fbx'
export finished in 0.0091 sec.
Info: Saved as "Booth_Hardware.blend"

Blender quit
