E:\unity\NOPE\ArtDeliverables\TimeDesk\HybridScene\BlenderPC\author_pc.py:37: DeprecationWarning: 'Material.use_nodes' is expected to be removed in Blender 6.0
  m.use_nodes=True
E:\unity\NOPE\ArtDeliverables\TimeDesk\HybridScene\BlenderPC\author_pc.py:389: DeprecationWarning: 'World.use_nodes' is expected to be removed in Blender 6.0
  scene.world.use_nodes=True;scene.world.node_tree.nodes['Background'].inputs[0].default_value=(.34,.39,.42,1)
00:04.985  reports          | WARNING Path 'C:\Program Files\Blender Foundation\Blender 5.2\5.2\datafiles\assets\brushes\essentials_brushes-gp_draw.blend' cannot be made relative for Material 'Dots Stroke'
Blender 5.2.2 LTS (hash d13f752e3b9c built 2026-09-15 01:37:04)
00:04.985  reports          | WARNING Path 'C:\Program Files\Blender Foundation\Blender 5.2\5.2\datafiles\assets\brushes\essentials_brushes-gp_draw.blend' cannot be made relative for Material 'Material'
Info: Applied modifier was not first, result may not be as expected
Info: Applied modifier was not first, result may not be as expected
Warning: No mesh data to join
Warning: No mesh data to join

FBX export starting... 'E:\\unity\\NOPE\\ArtDeliverables\\TimeDesk\\HybridScene\\BlenderPC\\Exports\\PC_CRT_Desktop.fbx'
export finished in 0.0393 sec.
Warning: No mesh data to join

FBX export starting... 'E:\\unity\\NOPE\\ArtDeliverables\\TimeDesk\\HybridScene\\BlenderPC\\Exports\\PC_Keyboard.fbx'
export finished in 0.0284 sec.
Warning: No mesh data to join
Warning: No mesh data to join

FBX export starting... 'E:\\unity\\NOPE\\ArtDeliverables\\TimeDesk\\HybridScene\\BlenderPC\\Exports\\PC_Desk.fbx'
export finished in 0.0142 sec.
Info: Saved as "TimeDesk_PC.blend"
PC_ART_EXPORTED E:\unity\NOPE\ArtDeliverables\TimeDesk\HybridScene\BlenderPC\asset_manifest.json

Blender quit
